//
// Copyright (C) 2017 ZeeZide GmbH, All Rights Reserved
// Created by Helge Hess on 23/01/2017.
//

// Xcode Module map for APR and Apache

module ApachePortableRuntime [system] [extern_c] {
  
  header "/Applications/Xcode.app/Contents/Developer/Platforms/MacOSX.platform/Developer/SDKs/MacOSX.sdk/usr/include/apr-1/apr.h"
  header "/Applications/Xcode.app/Contents/Developer/Platforms/MacOSX.platform/Developer/SDKs/MacOSX.sdk/usr/include/apr-1/apr_tables.h"
  header "/Applications/Xcode.app/Contents/Developer/Platforms/MacOSX.platform/Developer/SDKs/MacOSX.sdk/usr/include/apr-1/apr_pools.h"
  header "/Applications/Xcode.app/Contents/Developer/Platforms/MacOSX.platform/Developer/SDKs/MacOSX.sdk/usr/include/apr-1/apr_network_io.h"
  header "/Applications/Xcode.app/Contents/Developer/Platforms/MacOSX.platform/Developer/SDKs/MacOSX.sdk/usr/include/apr-1/apr_file_io.h"
  header "/Applications/Xcode.app/Contents/Developer/Platforms/MacOSX.platform/Developer/SDKs/MacOSX.sdk/usr/include/apr-1/apr_general.h"
  header "/Applications/Xcode.app/Contents/Developer/Platforms/MacOSX.platform/Developer/SDKs/MacOSX.sdk/usr/include/apr-1/apr_mmap.h"
  header "/Applications/Xcode.app/Contents/Developer/Platforms/MacOSX.platform/Developer/SDKs/MacOSX.sdk/usr/include/apr-1/apr_errno.h"
  header "/Applications/Xcode.app/Contents/Developer/Platforms/MacOSX.platform/Developer/SDKs/MacOSX.sdk/usr/include/apr-1/apr_ring.h"
  header "/Applications/Xcode.app/Contents/Developer/Platforms/MacOSX.platform/Developer/SDKs/MacOSX.sdk/usr/include/apr-1/apr_strings.h"
  header "/Applications/Xcode.app/Contents/Developer/Platforms/MacOSX.platform/Developer/SDKs/MacOSX.sdk/usr/include/apr-1/apr_time.h"

  // apr-util
  header "/Applications/Xcode.app/Contents/Developer/Platforms/MacOSX.platform/Developer/SDKs/MacOSX.sdk/usr/include/apr-1/apu.h"
  header "/Applications/Xcode.app/Contents/Developer/Platforms/MacOSX.platform/Developer/SDKs/MacOSX.sdk/usr/include/apr-1/apr_buckets.h"
  header "/Applications/Xcode.app/Contents/Developer/Platforms/MacOSX.platform/Developer/SDKs/MacOSX.sdk/usr/include/apr-1/apr_dbd.h"
  header "/Applications/Xcode.app/Contents/Developer/Platforms/MacOSX.platform/Developer/SDKs/MacOSX.sdk/usr/include/apr-1/apr_xml.h"

  export *
  
}

module Apache2 [system] [extern_c] {

  // not on 10.12 ...
  // header "/usr/include/apache2/httpd.h"
  // header "/usr/include/apache2/http_protocol.h"
  // header "/usr/include/apache2/http_config.h"
  // header "/usr/include/apache2/http_log.h"
  
  header "/Applications/Xcode.app/Contents/Developer/Platforms/MacOSX.platform/Developer/SDKs/MacOSX.sdk/usr/include/apache2/httpd.h"
  header "/Applications/Xcode.app/Contents/Developer/Platforms/MacOSX.platform/Developer/SDKs/MacOSX.sdk/usr/include/apache2/http_protocol.h"
  header "/Applications/Xcode.app/Contents/Developer/Platforms/MacOSX.platform/Developer/SDKs/MacOSX.sdk/usr/include/apache2/http_config.h"
  header "/Applications/Xcode.app/Contents/Developer/Platforms/MacOSX.platform/Developer/SDKs/MacOSX.sdk/usr/include/apache2/http_core.h"
  header "/Applications/Xcode.app/Contents/Developer/Platforms/MacOSX.platform/Developer/SDKs/MacOSX.sdk/usr/include/apache2/http_log.h"

  header "/Applications/Xcode.app/Contents/Developer/Platforms/MacOSX.platform/Developer/SDKs/MacOSX.sdk/usr/include/apache2/mod_dbd.h"

  export ApachePortableRuntime

  export *
  
  use ApachePortableRuntime
}

module ZzApache [system] {
  
  header "../../Sources/ZzApache.h"
  
  export *
  
  use ApachePortableRuntime
  use Apache2
}
